Microchip MPLAB XC8 Compiler V2.32

Linker command line:

-W-3 --edf=C:\Program Files\Microchip\xc8\v2.32\pic\dat\en_msgs.txt -cn \
  -h+dist/default/production\Proyecto2.X.production.sym \
  --cmf=dist/default/production\Proyecto2.X.production.cmf -z -Q16F887 \
  -oC:\Users\stefa\AppData\Local\Temp\xcAs88.4 --defsym=__MPLAB_BUILD=1 \
  -Mdist/default/production/Proyecto2.X.production.map -E1 \
  -ver=XC8 Compiler --acfsm=1493 -ASTACK=0110h-016Fh -pstack=STACK \
  -ACODE=00h-07FFhx4 -ASTRCODE=00h-01FFFh -ASTRING=00h-0FFhx32 \
  -ACONST=00h-0FFhx32 -AENTRY=00h-0FFhx32 -ACOMMON=070h-07Fh \
  -ABANK0=020h-06Fh -ABANK1=0A0h-0EFh -ABANK2=0110h-016Fh \
  -ABANK3=0190h-01EFh -ARAM=020h-06Fh,0A0h-0EFh,0110h-016Fh,0190h-01EFh \
  -AABS1=020h-07Fh,0A0h-0EFh,0110h-016Fh,0190h-01EFh -ASFR0=00h-01Fh \
  -ASFR1=080h-09Fh -ASFR2=0100h-010Fh -ASFR3=0180h-018Fh \
  -ACONFIG=02007h-02008h -DCONFIG=2 -AIDLOC=02000h-02003h -DIDLOC=2 \
  -AEEDATA=00h-0FFh/02100h -peeprom_data=EEDATA -DEEDATA=2 -DCODE=2 \
  -DSTRCODE=2 -DSTRING=2 -DCONST=2 -DENTRY=2 \
  -preset_vec=00h,intentry=04h,init,end_init -ppowerup=CODE -pcinit=CODE \
  -pfunctab=ENTRY -k C:\Users\stefa\AppData\Local\Temp\xcAs88.o \
  dist/default/production\Proyecto2.X.production.o 

Object code version is 3.11

Machine type is 16F887



                Name                               Link     Load   Length Selector   Space Scale
C:\Users\stefa\AppData\Local\Temp\xcAs88.o
                end_init                              E        E        3        8       0
                reset_vec                             0        0        3        0       0
                config                             2007     2007        2        0       4
dist/default/production\Proyecto2.X.production.o
                cinit                                11       11        F        8       0
                intentry                              4        4        A        8       0
                config                             2007     2007        2        0       4
                text8                               48C      48C       20      796       0
                text7                               4C1      4C1        F      796       0
                text6                               166      166      133        8       0
                text5                               4AC      4AC       15      796       0
                text4                               46C      46C       20      796       0
                text3                               447      447       25      796       0
                text2                               41E      41E       29      796       0
                text1                               3CB      3CB       53      796       0
                maintext                             20       20      146        8       0
                cstackBANK0                          20       20        D       20       1
                cstackCOMMON                         70       70        A       70       1
                bssBANK0                             2D       2D        8       20       1
                bssCOMMON                            7A       7A        1       70       1
                strings                             300      300       CB      600       0

TOTAL           Name                               Link     Load   Length     Space
        CLASS   STACK          

        CLASS   CODE           
                end_init                              E        E        3         0
                cinit                                11       11        F         0
                intentry                              4        4        A         0
                reset_vec                             0        0        3         0
                text8                               48C      48C       20         0
                text7                               4C1      4C1        F         0
                text6                               166      166      133         0
                text5                               4AC      4AC       15         0
                text4                               46C      46C       20         0
                text3                               447      447       25         0
                text2                               41E      41E       29         0
                text1                               3CB      3CB       53         0
                maintext                             20       20      146         0

        CLASS   STRCODE        

        CLASS   STRING         
                strings                             300      300       CB         0

        CLASS   CONST          

        CLASS   ENTRY          

        CLASS   COMMON         
                cstackCOMMON                         70       70        A         1
                bssCOMMON                            7A       7A        1         1

        CLASS   BANK0          
                cstackBANK0                          20       20        D         1
                bssBANK0                             2D       2D        8         1

        CLASS   BANK1          

        CLASS   BANK2          

        CLASS   BANK3          

        CLASS   RAM            

        CLASS   ABS1           
                abs_s1                               7E       7E        2         1

        CLASS   SFR0           

        CLASS   SFR1           

        CLASS   SFR2           

        CLASS   SFR3           

        CLASS   CONFIG         
                config                             2007     2007        2         4

        CLASS   IDLOC          

        CLASS   EEDATA         



SEGMENTS        Name                           Load    Length   Top    Selector   Space  Class     Delta

                reset_vec                      000000  000003  000003         0       0  CODE        2
                intentry                       000004  000295  000299         8       0  CODE        2
                cstackBANK0                    000020  000015  000035        20       1  BANK0       1
                cstackCOMMON                   000070  00000B  00007B        70       1  COMMON      1
                strings                        000300  0000CB  0003CB       600       0  STRING      2
                text1                          0003CB  000105  0004D0       796       0  CODE        2


UNUSED ADDRESS RANGES

        Name                Unused          Largest block    Delta
        BANK0            0035-006F             3B           1
        BANK1            00A0-00EF             50           1
        BANK2            0110-016F             60           1
        BANK3            0190-01EF             60           1
        CODE             0003-0003              1           2
                         0299-02FF             67
                         04D0-1FFF            800
        COMMON           007B-007D              3           1
        CONST            0003-0003              1           2
                         0299-02FF             67
                         04D0-1FFF            100
        EEDATA           2100-21FF            100           2
        ENTRY            0003-0003              1           2
                         0299-02FF             67
                         04D0-1FFF            100
        IDLOC            2000-2003              4           2
        RAM              0035-006F             3B           1
                         00A0-00EF             50
                         0110-016F             60
                         0190-01EF             60
        SFR0             0000-001F             20           1
        SFR1             0080-009F             20           1
        SFR2             0100-010F             10           1
        SFR3             0180-018F             10           1
        STACK            0110-016F             60           1
        STRCODE          0003-0003              1           2
                         0299-02FF             67
                         04D0-1FFF           1B30
        STRING           0003-0003              1           2
                         0299-02FF             67
                         04D0-1FFF            100

                                  Symbol Table

?_concat_bits            cstackCOMMON 0070
EEPROM_R@address         cstackBANK0  0027
EEPROM_R@data            cstackBANK0  0028
EEPROM_W@address         cstackBANK0  0027
EEPROM_W@data            cstackBANK0  0026
UART_write@word          cstackBANK0  0027
_ADCON0                  (abs)        001F
_ADCON1bits              (abs)        009F
_ADIE                    (abs)        0466
_ADIF                    (abs)        0066
_ADRESH                  (abs)        001E
_ADRESL                  (abs)        009E
_ANSEL                   (abs)        0188
_ANSELH                  (abs)        0189
_BRG16                   (abs)        0C3B
_CCP1M2                  (abs)        00BA
_CCP1M3                  (abs)        00BB
_CCPR1L                  (abs)        0015
_CHS0                    (abs)        00FA
_CHS1                    (abs)        00FB
_DC1B0                   (abs)        00BC
_DC1B1                   (abs)        00BD
_EEADR                   (abs)        010D
_EECON2                  (abs)        018D
_EEDATA                  (abs)        010C
_EEPGD                   (abs)        0C67
_EEPROM_R                text5        04AC
_EEPROM_W                text4        046C
_GIE                     (abs)        005F
_GO                      (abs)        00F9
_OPTION_REGbits          (abs)        0081
_PEIE                    (abs)        005E
_PORTA                   (abs)        0005
_PORTB                   (abs)        0006
_PORTC                   (abs)        0007
_PORTD                   (abs)        0008
_PORTE                   (abs)        0009
_PR2                     (abs)        0092
_PSA                     (abs)        040B
_RA4                     (abs)        002C
_RA5                     (abs)        002D
_RCIF                    (abs)        0065
_RCREG                   (abs)        001A
_RCSTAbits               (abs)        0018
_RD                      (abs)        0C60
_RD0                     (abs)        0040
_RD1                     (abs)        0041
_RD2                     (abs)        0042
_SPBRG                   (abs)        0099
_SPBRGH                  (abs)        009A
_T0CS                    (abs)        040D
_T2CON                   (abs)        0012
_T2CONbits               (abs)        0012
_TMR0                    (abs)        0001
_TMR0IE                  (abs)        005D
_TMR0IF                  (abs)        005A
_TMR2IF                  (abs)        0061
_TRISA                   (abs)        0085
_TRISB                   (abs)        0086
_TRISC                   (abs)        0087
_TRISCbits               (abs)        0087
_TRISD                   (abs)        0088
_TRISE                   (abs)        0089
_TXREG                   (abs)        0019
_TXSTAbits               (abs)        0098
_UART_write              text3        0447
_WR                      (abs)        0C61
_WREN                    (abs)        0C62
__Habs1                  abs1         0000
__Hbank0                 bank0        0000
__Hbank1                 bank1        0000
__Hbank2                 bank2        0000
__Hbank3                 bank3        0000
__HbssBANK0              bssBANK0     0000
__HbssCOMMON             bssCOMMON    0000
__Hcinit                 cinit        0020
__Hclrtext               clrtext      0000
__Hcode                  code         0000
__Hcommon                common       0000
__Hconfig                config       2009
__HcstackBANK0           cstackBANK0  0000
__HcstackCOMMON          cstackCOMMON 0000
__Heeprom_data           eeprom_data  0000
__Hend_init              end_init     0011
__Hfunctab               functab      0000
__Hinit                  init         000E
__Hintentry              intentry     000E
__Hmaintext              maintext     0000
__Hpowerup               powerup      0000
__Hram                   ram          0000
__Hreset_vec             reset_vec    0003
__Hsfr0                  sfr0         0000
__Hsfr1                  sfr1         0000
__Hsfr2                  sfr2         0000
__Hsfr3                  sfr3         0000
__Hspace_0               (abs)        04D0
__Hspace_1               (abs)        007B
__Hspace_2               (abs)        0000
__Hspace_3               (abs)        0000
__Hspace_4               (abs)        4010
__Hstack                 stack        0000
__Hstrings               strings      0000
__Htext                  text         0000
__Labs1                  abs1         0000
__Lbank0                 bank0        0000
__Lbank1                 bank1        0000
__Lbank2                 bank2        0000
__Lbank3                 bank3        0000
__LbssBANK0              bssBANK0     0000
__LbssCOMMON             bssCOMMON    0000
__Lcinit                 cinit        0011
__Lclrtext               clrtext      0000
__Lcode                  code         0000
__Lcommon                common       0000
__Lconfig                config       0000
__LcstackBANK0           cstackBANK0  0000
__LcstackCOMMON          cstackCOMMON 0000
__Leeprom_data           eeprom_data  0000
__Lend_init              end_init     000E
__Lfunctab               functab      0000
__Linit                  init         000E
__Lintentry              intentry     0004
__Lmaintext              maintext     0000
__Lpowerup               powerup      0000
__Lram                   ram          0000
__Lreset_vec             reset_vec    0000
__Lsfr0                  sfr0         0000
__Lsfr1                  sfr1         0000
__Lsfr2                  sfr2         0000
__Lsfr3                  sfr3         0000
__Lspace_0               (abs)        0000
__Lspace_1               (abs)        0000
__Lspace_2               (abs)        0000
__Lspace_3               (abs)        0000
__Lspace_4               (abs)        0000
__Lstack                 stack        0000
__Lstrings               strings      0000
__Ltext                  text         0000
__S0                     (abs)        04D0
__S1                     (abs)        007B
__S2                     (abs)        0000
__S3                     (abs)        0000
___int_sp                stack        0000
___latbits               (abs)        0002
___sp                    stack        0000
___stackhi               (abs)        0000
___stacklo               (abs)        0000
__end_of_EEPROM_R        text5        04C1
__end_of_EEPROM_W        text4        048C
__end_of_UART_write      text3        046C
__end_of__initialization cinit        001C
__end_of__stringtab      strings      0306
__end_of_concat_bits     text8        04AC
__end_of_delay_pulse     text7        04D0
__end_of_isr             text6        0299
__end_of_main            maintext     0166
__end_of_menu            text2        0447
__end_of_setup           text1        041E
__initialization         cinit        0011
__pbssBANK0              bssBANK0     002D
__pbssCOMMON             bssCOMMON    007A
__pcstackBANK0           cstackBANK0  0020
__pcstackCOMMON          cstackCOMMON 0070
__pintentry              intentry     0004
__pmaintext              maintext     0020
__pstrings               strings      0300
__ptext1                 text1        03CB
__ptext2                 text2        041E
__ptext3                 text3        0447
__ptext4                 text4        046C
__ptext5                 text5        04AC
__ptext6                 text6        0166
__ptext7                 text7        04C1
__ptext8                 text8        048C
__size_of_EEPROM_R       (abs)        0000
__size_of_EEPROM_W       (abs)        0000
__size_of_UART_write     (abs)        0000
__size_of_concat_bits    (abs)        0000
__size_of_delay_pulse    (abs)        0000
__size_of_isr            (abs)        0000
__size_of_main           (abs)        0000
__size_of_menu           (abs)        0000
__size_of_setup          (abs)        0000
__stringbase             strings      0305
__stringtab              strings      0300
_concat_bits             text8        048C
_delay_pulse             text7        04C1
_isr                     text6        0166
_main                    maintext     0020
_menu                    text2        041E
_pot0                    bssBANK0     0033
_pot1                    bssBANK0     0031
_pot2                    bssBANK0     002F
_pot3                    bssBANK0     002D
_servo                   bssCOMMON    007A
_setup                   text1        03CB
btemp                    (abs)        007E
concat_bits@x            cstackCOMMON 0070
concat_bits@y            cstackCOMMON 0072
concat_bits@z            cstackCOMMON 0078
delay_pulse@time         cstackCOMMON 0070
end_of_initialization    cinit        001C
interrupt_function       intentry     0004
intlevel0                functab      0000
intlevel1                functab      0000
intlevel2                functab      0000
intlevel3                functab      0000
intlevel4                functab      0000
intlevel5                functab      0000
reset_vec                reset_vec    0000
saved_w                  (abs)        007E
start                    init         000E
start_initialization     cinit        0011
wtemp0                   (abs)        007E


MODULE INFORMATION

Module		Function		Class		Link	Load	Size
Main.c
		_menu          		CODE           	041E	0000	41
		_EEPROM_R      		CODE           	04AC	0000	21
		_EEPROM_W      		CODE           	046C	0000	32
		_main          		CODE           	0020	0000	326
		_isr           		CODE           	0166	0000	307
		_concat_bits   		CODE           	048C	0000	32
		_setup         		CODE           	03CB	0000	83
		_UART_write    		CODE           	0447	0000	37
		_delay_pulse   		CODE           	04C1	0000	15

Main.c estimated size: 894

shared
		__stringtab    		STRING         	0300	0000	6
		__initialization		CODE           	0011	0000	11

shared estimated size: 17

